19:38:08 **** Incremental Build of configuration Debug for project VGA_TEST ****
make pre-build main-build 
a9-linaro-pre-build-step
' '
'Building file: ../src/GPIO/GPIO.c'
'Invoking: ARM v7 gcc compiler'
arm-none-eabi-gcc -Wall -O0 -g3 -c -fmessage-length=0 -MT"src/GPIO/GPIO.o" -mcpu=cortex-a9 -mfpu=vfpv3 -mfloat-abi=hard -I../../VGA_TEST_bsp/ps7_cortexa9_0/include -MMD -MP -MF"src/GPIO/GPIO.d" -MT"src/GPIO/GPIO.o" -o "src/GPIO/GPIO.o" "../src/GPIO/GPIO.c"
'Finished building: ../src/GPIO/GPIO.c'
' '
'Building target: VGA_TEST.elf'
'Invoking: ARM v7 gcc linker'
arm-none-eabi-gcc -mcpu=cortex-a9 -mfpu=vfpv3 -mfloat-abi=hard -Wl,-build-id=none -specs=Xilinx.spec -Wl,-T -Wl,../src/lscript.ld -L../../VGA_TEST_bsp/ps7_cortexa9_0/lib -o "VGA_TEST.elf"  ./src/GPIO/GPIO.o  ./src/main.o ./src/platform.o   -Wl,--start-group,-lxil,-lgcc,-lc,--end-group -Wl,--start-group,-lxilffs,-lxil,-lgcc,-lc,--end-group
'Finished building target: VGA_TEST.elf'
' '
'Invoking: ARM v7 Print Size'
arm-none-eabi-size VGA_TEST.elf  |tee "VGA_TEST.elf.size"
   text	   data	    bss	    dec	    hex	filename
  27168	   1156	  22616	  50940	   c6fc	VGA_TEST.elf
'Finished building: VGA_TEST.elf.size'
' '
00:37:44 **** Incremental Build of configuration Debug for project VGA_TEST ****
make pre-build main-build 
a9-linaro-pre-build-step
' '
make: Nothing to be done for `main-build'.
